3
_3
3
1
0 2 4 5
4 5 0 2
0 1 2 3 4
2 1 0
8 7 4
2 4 6
1 4 9
6
30
3 2 1
3
_3 2
1 2 2 3 3 3
1 0 0 1 1 1
1 2 2 3 3 3
2 8 18
1 0 1 0 1 0
6
+/ @: 1 + ] @: i.
