1 0 1
1
1 1 0
4 5
1 2 3

1 2 3 4 5 0 0
5 7
11 21 31
1 2 3 4 5
2 3 4
0 1 2 3
_3 _2 _1 0 1 2 3
1
1
