1000 _500 750 _200 1500 _300 1200 _800 400 _100
2950
5
5
970
_380
1000 1500 1200
3
4850
_1900
