1000 _500 750 _200 1500 _300 1200 _800 400 _100  NB. transacciones
2350                                             NB. balance
5                                                NB. conteo_positivas
5                                                NB. conteo_negativas
970                                              NB. promedio_positivas
_380                                             NB. promedio_negativas
1000 1500 1200                                   NB. transacciones_grandes
3                                                NB. conteo_grandes
4850                                             NB. suma_positivas
_1900                                            NB. suma_negativas